# Gallery captures of Skill Icons on the Sanctuary of Nelim: the Sanctuary's full minimum list (copied from SanctuaryBacklot/Tests/Pickle/wsl-deps.sanctuary.map: bodies, Venus Touch Waistlines trousers, facial animation; seeds in config/sanctuary/), plus the inspect tab and screenshot mode companions and Alpha Skills.
#
nelim.pickletools.screenshotstudio path:PickleTools/ScreenshotStudio/Mod
nelim.pickletools.camerazoom path:PickleTools/CameraZoom/Mod
nelim.pickletools.stagedecor path:PickleTools/StageDecor/Mod
nelim.pickletools.clearscreen path:PickleTools/ClearScreen/Mod
nelim.pickletools.colonistrace path:PickleTools/ColonistRace/Mod
nelim.pickletools.clickdiagnostics path:PickleTools/ClickDiagnostics/Mod
# The bundle is committed under PickleTools/Mod: this shell replaces it, so the tools above are the only copy of their steps (see StandaloneBase).
nelim.pickletools   path:PickleTools/Tests/Pickle/StandaloneBase/Mod
# Minimum list, 2026-10-07/08 (owner). The staging activates in file order, then sorts by loadAfter/dependencies.
# Bodies and trousers, as proven by Venus Touch Waistlines' gallery pass WITHOUT TailorMade (VenusTouchWaistlines/docs/runs/2026-10-08_gallery-no-tailormade-1):
# Female Body Variants and Female Apparel Variants load BEFORE WDI (else their Naked_*_Female textures shadow WDI's); AB's Visible Pants is indispensable (without it Venus does nothing).
# Seeds: Tests/Pickle/config/sanctuary/ (AB's settings; Venus's, whose name must be Mod_local-<packageId>_<Class>.xml because it is staged by path:).
# Not staged: TailorMade (not needed), Apparel Paper Pattern (not required: AB lists it in loadAfter only), THIGAPPE (does the same fitting as Venus, dropped), Reel's textures (owner: not added), Kas.GeneralCollection (optional, Workshop id 3789119336).
tiagocc0.FemaleBodyVariants 3798082132
tiagocc0.FemaleApparelVariants 3799726535
wdi.realistic.bodies 3527486510
ab.vplrf 2986402536
nelim.venustouch.waistlines path:VenusTouchWaistlines/Mod
# Facial animation: base (blinks included: its `blink` animation), experimentals, Vanilla Textures Expanded, Akeron Extras (needs VTE), EyeGenes3, the performance patch. Moving Vanilla Eyes (VEFA) is listed further down.
Nals.FacialAnimation 1635901197
nals.facialanimationexperimentals 2581693737
VanillaExpanded.VTEXE.FacialAnims 2816938779
Newton.AKNExtras.FacialAnimations 2889716301
lucius.eyegenes3 3745223213
astryl.FacialAnimationPerformancePatch 3790129900
# Facial animation fixes (owner, 2026-10-08): Init Fix animates newly spawned pawns at once, Load Fix refreshes pawn graphics after a save loads (both after Nals.FacialAnimation). Cuter Kids (3807706870, children only) is added on the owner's word.
# [VK] closed eyes: new eyelids for the Experimentals, 1.6. FAE (2890697696) is NOT used and Dynamic Eyebrows (3813572847) is NOT used (owner, 2026-10-08).
vk.addeyes.EX 3694711465
# VEFA = Vanilla Experimentals for Facial Animation (SunshineyDays, sd.fa.movingvanillaeyes): moving eyes, half-lidded tiredness, tears, hot and cold overlays, smiles; reads the VTE lids and mouths. Back 2026-10-08 on the owner's word, after its HasNegativeBlushThought exception (run d445) was a reason to remove it. Its seed (config/sanctuary) sets enableBlushLimiting to False to avoid that exception.
sd.fa.movingvanillaeyes 3753978140
SleepyFrieren.beautygenefa 3685072616
ria.cuterkidsforfacialanimation 3807706870
Moshii.NLFA.InitFix 3609895011
ccj.nlfaloadfix 3721489042
# Show Hair Under Stuff (Raccoon Cuddler): hair stays visible under hats and helmets; only hard dependency is Harmony (owner, 2026-10-08).
RaccoonCuddler.ShowHair 3255379190
nelim.pickletools.inspecttabs path:PickleTools/InspectTabs/Mod
nelim.pickletools.screenshotmode path:PickleTools/ScreenshotMode/Mod
sarg.alphaskills 3448953006
